The Aloos said: apasilunuamgnugnib
Maybe we dont
The Aloos said: wasitacaroracatisaw
Seems we have sometin in common
The Aloos said: aynkabatramuggnutid
Seems we have sometin in common
The Aloos said: ditunggumartabaknyaaynkabatramuggnutidditunggumartabaknyaaynkabatramuggnutid
Lets show this to DJ
JD ot siht wohs steL