The Aloos said: atsabala
Maybe we dont
The Aloos said: aeipyks
Maybe we dont
The Aloos said: 7retaw
Maybe we dont
The Aloos said: krabrellirht
Maybe we dont
The Aloos said: rawtimmus
Maybe we dont
The Aloos said: dnalsinamhsif
Maybe we dont
The Aloos said: asorsserd
Maybe we dont
The Aloos said: dnalsiekacelohw
Maybe we dont
The Aloos said: inukonaw
Maybe we dont
The Aloos said: wanokuninukonaw
Seems we have sometin in common
Lets show this to DJ
JD ot siht wohs steL